python /global/scratch/users/aboudy/code/il-traffic/il_traffic/scripts/simulate.py --network_type "bottleneck" --n_vehicles "2500" --bn_coeff "0.6" --v_init "20" --c1 "0.15" --c2 "0.05" --th_target "2.0" --sigma "1000" --av_penetration "0.04"
python /global/scratch/users/aboudy/code/il-traffic/il_traffic/scripts/simulate.py --network_type "bottleneck" --n_vehicles "2500" --bn_coeff "0.6" --v_init "20" --c1 "0.15" --c2 "0.05" --th_target "2.0" --sigma "2000" --av_penetration "0.04"
python /global/scratch/users/aboudy/code/il-traffic/il_traffic/scripts/simulate.py --network_type "bottleneck" --n_vehicles "2500" --bn_coeff "0.6" --v_init "20" --c1 "0.15" --c2 "0.05" --th_target "2.0" --sigma "3000" --av_penetration "0.04"
python /global/scratch/users/aboudy/code/il-traffic/il_traffic/scripts/simulate.py --network_type "bottleneck" --n_vehicles "2500" --bn_coeff "0.6" --v_init "20" --c1 "0.15" --c2 "0.05" --th_target "2.0" --sigma "4000" --av_penetration "0.04"
python /global/scratch/users/aboudy/code/il-traffic/il_traffic/scripts/simulate.py --network_type "bottleneck" --n_vehicles "2500" --bn_coeff "0.6" --v_init "20" --c1 "0.15" --c2 "0.05" --th_target "2.0" --sigma "5000" --av_penetration "0.04"
python /global/scratch/users/aboudy/code/il-traffic/il_traffic/scripts/simulate.py --network_type "bottleneck" --n_vehicles "2500" --bn_coeff "0.6" --v_init "20" --c1 "0.15" --c2 "0.10" --th_target "2.0" --sigma "1000" --av_penetration "0.04"
python /global/scratch/users/aboudy/code/il-traffic/il_traffic/scripts/simulate.py --network_type "bottleneck" --n_vehicles "2500" --bn_coeff "0.6" --v_init "20" --c1 "0.15" --c2 "0.10" --th_target "2.0" --sigma "2000" --av_penetration "0.04"
python /global/scratch/users/aboudy/code/il-traffic/il_traffic/scripts/simulate.py --network_type "bottleneck" --n_vehicles "2500" --bn_coeff "0.6" --v_init "20" --c1 "0.15" --c2 "0.10" --th_target "2.0" --sigma "3000" --av_penetration "0.04"
python /global/scratch/users/aboudy/code/il-traffic/il_traffic/scripts/simulate.py --network_type "bottleneck" --n_vehicles "2500" --bn_coeff "0.6" --v_init "20" --c1 "0.15" --c2 "0.10" --th_target "2.0" --sigma "4000" --av_penetration "0.04"
python /global/scratch/users/aboudy/code/il-traffic/il_traffic/scripts/simulate.py --network_type "bottleneck" --n_vehicles "2500" --bn_coeff "0.6" --v_init "20" --c1 "0.15" --c2 "0.10" --th_target "2.0" --sigma "5000" --av_penetration "0.04"
python /global/scratch/users/aboudy/code/il-traffic/il_traffic/scripts/simulate.py --network_type "bottleneck" --n_vehicles "2500" --bn_coeff "0.6" --v_init "20" --c1 "0.15" --c2 "0.15" --th_target "2.0" --sigma "1000" --av_penetration "0.04"
python /global/scratch/users/aboudy/code/il-traffic/il_traffic/scripts/simulate.py --network_type "bottleneck" --n_vehicles "2500" --bn_coeff "0.6" --v_init "20" --c1 "0.15" --c2 "0.15" --th_target "2.0" --sigma "2000" --av_penetration "0.04"
python /global/scratch/users/aboudy/code/il-traffic/il_traffic/scripts/simulate.py --network_type "bottleneck" --n_vehicles "2500" --bn_coeff "0.6" --v_init "20" --c1 "0.15" --c2 "0.15" --th_target "2.0" --sigma "3000" --av_penetration "0.04"
python /global/scratch/users/aboudy/code/il-traffic/il_traffic/scripts/simulate.py --network_type "bottleneck" --n_vehicles "2500" --bn_coeff "0.6" --v_init "20" --c1 "0.15" --c2 "0.15" --th_target "2.0" --sigma "4000" --av_penetration "0.04"
python /global/scratch/users/aboudy/code/il-traffic/il_traffic/scripts/simulate.py --network_type "bottleneck" --n_vehicles "2500" --bn_coeff "0.6" --v_init "20" --c1 "0.15" --c2 "0.15" --th_target "2.0" --sigma "5000" --av_penetration "0.04"
python /global/scratch/users/aboudy/code/il-traffic/il_traffic/scripts/simulate.py --network_type "bottleneck" --n_vehicles "2500" --bn_coeff "0.6" --v_init "20" --c1 "0.15" --c2 "0.20" --th_target "2.0" --sigma "1000" --av_penetration "0.04"
python /global/scratch/users/aboudy/code/il-traffic/il_traffic/scripts/simulate.py --network_type "bottleneck" --n_vehicles "2500" --bn_coeff "0.6" --v_init "20" --c1 "0.15" --c2 "0.20" --th_target "2.0" --sigma "2000" --av_penetration "0.04"
python /global/scratch/users/aboudy/code/il-traffic/il_traffic/scripts/simulate.py --network_type "bottleneck" --n_vehicles "2500" --bn_coeff "0.6" --v_init "20" --c1 "0.15" --c2 "0.20" --th_target "2.0" --sigma "3000" --av_penetration "0.04"
python /global/scratch/users/aboudy/code/il-traffic/il_traffic/scripts/simulate.py --network_type "bottleneck" --n_vehicles "2500" --bn_coeff "0.6" --v_init "20" --c1 "0.15" --c2 "0.20" --th_target "2.0" --sigma "4000" --av_penetration "0.04"
python /global/scratch/users/aboudy/code/il-traffic/il_traffic/scripts/simulate.py --network_type "bottleneck" --n_vehicles "2500" --bn_coeff "0.6" --v_init "20" --c1 "0.15" --c2 "0.20" --th_target "2.0" --sigma "5000" --av_penetration "0.04"
python /global/scratch/users/aboudy/code/il-traffic/il_traffic/scripts/simulate.py --network_type "bottleneck" --n_vehicles "2500" --bn_coeff "0.7" --v_init "20" --c1 "0.15" --c2 "0.05" --th_target "2.0" --sigma "1000" --av_penetration "0.04"
python /global/scratch/users/aboudy/code/il-traffic/il_traffic/scripts/simulate.py --network_type "bottleneck" --n_vehicles "2500" --bn_coeff "0.7" --v_init "20" --c1 "0.15" --c2 "0.05" --th_target "2.0" --sigma "2000" --av_penetration "0.04"
python /global/scratch/users/aboudy/code/il-traffic/il_traffic/scripts/simulate.py --network_type "bottleneck" --n_vehicles "2500" --bn_coeff "0.7" --v_init "20" --c1 "0.15" --c2 "0.05" --th_target "2.0" --sigma "3000" --av_penetration "0.04"
python /global/scratch/users/aboudy/code/il-traffic/il_traffic/scripts/simulate.py --network_type "bottleneck" --n_vehicles "2500" --bn_coeff "0.7" --v_init "20" --c1 "0.15" --c2 "0.05" --th_target "2.0" --sigma "4000" --av_penetration "0.04"
python /global/scratch/users/aboudy/code/il-traffic/il_traffic/scripts/simulate.py --network_type "bottleneck" --n_vehicles "2500" --bn_coeff "0.7" --v_init "20" --c1 "0.15" --c2 "0.05" --th_target "2.0" --sigma "5000" --av_penetration "0.04"
python /global/scratch/users/aboudy/code/il-traffic/il_traffic/scripts/simulate.py --network_type "bottleneck" --n_vehicles "2500" --bn_coeff "0.7" --v_init "20" --c1 "0.15" --c2 "0.10" --th_target "2.0" --sigma "1000" --av_penetration "0.04"
python /global/scratch/users/aboudy/code/il-traffic/il_traffic/scripts/simulate.py --network_type "bottleneck" --n_vehicles "2500" --bn_coeff "0.7" --v_init "20" --c1 "0.15" --c2 "0.10" --th_target "2.0" --sigma "2000" --av_penetration "0.04"
python /global/scratch/users/aboudy/code/il-traffic/il_traffic/scripts/simulate.py --network_type "bottleneck" --n_vehicles "2500" --bn_coeff "0.7" --v_init "20" --c1 "0.15" --c2 "0.10" --th_target "2.0" --sigma "3000" --av_penetration "0.04"
python /global/scratch/users/aboudy/code/il-traffic/il_traffic/scripts/simulate.py --network_type "bottleneck" --n_vehicles "2500" --bn_coeff "0.7" --v_init "20" --c1 "0.15" --c2 "0.10" --th_target "2.0" --sigma "4000" --av_penetration "0.04"
python /global/scratch/users/aboudy/code/il-traffic/il_traffic/scripts/simulate.py --network_type "bottleneck" --n_vehicles "2500" --bn_coeff "0.7" --v_init "20" --c1 "0.15" --c2 "0.10" --th_target "2.0" --sigma "5000" --av_penetration "0.04"
python /global/scratch/users/aboudy/code/il-traffic/il_traffic/scripts/simulate.py --network_type "bottleneck" --n_vehicles "2500" --bn_coeff "0.7" --v_init "20" --c1 "0.15" --c2 "0.15" --th_target "2.0" --sigma "1000" --av_penetration "0.04"
python /global/scratch/users/aboudy/code/il-traffic/il_traffic/scripts/simulate.py --network_type "bottleneck" --n_vehicles "2500" --bn_coeff "0.7" --v_init "20" --c1 "0.15" --c2 "0.15" --th_target "2.0" --sigma "2000" --av_penetration "0.04"
python /global/scratch/users/aboudy/code/il-traffic/il_traffic/scripts/simulate.py --network_type "bottleneck" --n_vehicles "2500" --bn_coeff "0.7" --v_init "20" --c1 "0.15" --c2 "0.15" --th_target "2.0" --sigma "3000" --av_penetration "0.04"
python /global/scratch/users/aboudy/code/il-traffic/il_traffic/scripts/simulate.py --network_type "bottleneck" --n_vehicles "2500" --bn_coeff "0.7" --v_init "20" --c1 "0.15" --c2 "0.15" --th_target "2.0" --sigma "4000" --av_penetration "0.04"
python /global/scratch/users/aboudy/code/il-traffic/il_traffic/scripts/simulate.py --network_type "bottleneck" --n_vehicles "2500" --bn_coeff "0.7" --v_init "20" --c1 "0.15" --c2 "0.15" --th_target "2.0" --sigma "5000" --av_penetration "0.04"
python /global/scratch/users/aboudy/code/il-traffic/il_traffic/scripts/simulate.py --network_type "bottleneck" --n_vehicles "2500" --bn_coeff "0.7" --v_init "20" --c1 "0.15" --c2 "0.20" --th_target "2.0" --sigma "1000" --av_penetration "0.04"
python /global/scratch/users/aboudy/code/il-traffic/il_traffic/scripts/simulate.py --network_type "bottleneck" --n_vehicles "2500" --bn_coeff "0.7" --v_init "20" --c1 "0.15" --c2 "0.20" --th_target "2.0" --sigma "2000" --av_penetration "0.04"
python /global/scratch/users/aboudy/code/il-traffic/il_traffic/scripts/simulate.py --network_type "bottleneck" --n_vehicles "2500" --bn_coeff "0.7" --v_init "20" --c1 "0.15" --c2 "0.20" --th_target "2.0" --sigma "3000" --av_penetration "0.04"
python /global/scratch/users/aboudy/code/il-traffic/il_traffic/scripts/simulate.py --network_type "bottleneck" --n_vehicles "2500" --bn_coeff "0.7" --v_init "20" --c1 "0.15" --c2 "0.20" --th_target "2.0" --sigma "4000" --av_penetration "0.04"
python /global/scratch/users/aboudy/code/il-traffic/il_traffic/scripts/simulate.py --network_type "bottleneck" --n_vehicles "2500" --bn_coeff "0.7" --v_init "20" --c1 "0.15" --c2 "0.20" --th_target "2.0" --sigma "5000" --av_penetration "0.04"
python /global/scratch/users/aboudy/code/il-traffic/il_traffic/scripts/simulate.py --network_type "bottleneck" --n_vehicles "2500" --bn_coeff "0.8" --v_init "20" --c1 "0.15" --c2 "0.05" --th_target "2.0" --sigma "1000" --av_penetration "0.04"
python /global/scratch/users/aboudy/code/il-traffic/il_traffic/scripts/simulate.py --network_type "bottleneck" --n_vehicles "2500" --bn_coeff "0.8" --v_init "20" --c1 "0.15" --c2 "0.05" --th_target "2.0" --sigma "2000" --av_penetration "0.04"
python /global/scratch/users/aboudy/code/il-traffic/il_traffic/scripts/simulate.py --network_type "bottleneck" --n_vehicles "2500" --bn_coeff "0.8" --v_init "20" --c1 "0.15" --c2 "0.05" --th_target "2.0" --sigma "3000" --av_penetration "0.04"
python /global/scratch/users/aboudy/code/il-traffic/il_traffic/scripts/simulate.py --network_type "bottleneck" --n_vehicles "2500" --bn_coeff "0.8" --v_init "20" --c1 "0.15" --c2 "0.05" --th_target "2.0" --sigma "4000" --av_penetration "0.04"
python /global/scratch/users/aboudy/code/il-traffic/il_traffic/scripts/simulate.py --network_type "bottleneck" --n_vehicles "2500" --bn_coeff "0.8" --v_init "20" --c1 "0.15" --c2 "0.05" --th_target "2.0" --sigma "5000" --av_penetration "0.04"
python /global/scratch/users/aboudy/code/il-traffic/il_traffic/scripts/simulate.py --network_type "bottleneck" --n_vehicles "2500" --bn_coeff "0.8" --v_init "20" --c1 "0.15" --c2 "0.10" --th_target "2.0" --sigma "1000" --av_penetration "0.04"
python /global/scratch/users/aboudy/code/il-traffic/il_traffic/scripts/simulate.py --network_type "bottleneck" --n_vehicles "2500" --bn_coeff "0.8" --v_init "20" --c1 "0.15" --c2 "0.10" --th_target "2.0" --sigma "2000" --av_penetration "0.04"
python /global/scratch/users/aboudy/code/il-traffic/il_traffic/scripts/simulate.py --network_type "bottleneck" --n_vehicles "2500" --bn_coeff "0.8" --v_init "20" --c1 "0.15" --c2 "0.10" --th_target "2.0" --sigma "3000" --av_penetration "0.04"
python /global/scratch/users/aboudy/code/il-traffic/il_traffic/scripts/simulate.py --network_type "bottleneck" --n_vehicles "2500" --bn_coeff "0.8" --v_init "20" --c1 "0.15" --c2 "0.10" --th_target "2.0" --sigma "4000" --av_penetration "0.04"
python /global/scratch/users/aboudy/code/il-traffic/il_traffic/scripts/simulate.py --network_type "bottleneck" --n_vehicles "2500" --bn_coeff "0.8" --v_init "20" --c1 "0.15" --c2 "0.10" --th_target "2.0" --sigma "5000" --av_penetration "0.04"
python /global/scratch/users/aboudy/code/il-traffic/il_traffic/scripts/simulate.py --network_type "bottleneck" --n_vehicles "2500" --bn_coeff "0.8" --v_init "20" --c1 "0.15" --c2 "0.15" --th_target "2.0" --sigma "1000" --av_penetration "0.04"
python /global/scratch/users/aboudy/code/il-traffic/il_traffic/scripts/simulate.py --network_type "bottleneck" --n_vehicles "2500" --bn_coeff "0.8" --v_init "20" --c1 "0.15" --c2 "0.15" --th_target "2.0" --sigma "2000" --av_penetration "0.04"
python /global/scratch/users/aboudy/code/il-traffic/il_traffic/scripts/simulate.py --network_type "bottleneck" --n_vehicles "2500" --bn_coeff "0.8" --v_init "20" --c1 "0.15" --c2 "0.15" --th_target "2.0" --sigma "3000" --av_penetration "0.04"
python /global/scratch/users/aboudy/code/il-traffic/il_traffic/scripts/simulate.py --network_type "bottleneck" --n_vehicles "2500" --bn_coeff "0.8" --v_init "20" --c1 "0.15" --c2 "0.15" --th_target "2.0" --sigma "4000" --av_penetration "0.04"
python /global/scratch/users/aboudy/code/il-traffic/il_traffic/scripts/simulate.py --network_type "bottleneck" --n_vehicles "2500" --bn_coeff "0.8" --v_init "20" --c1 "0.15" --c2 "0.15" --th_target "2.0" --sigma "5000" --av_penetration "0.04"
python /global/scratch/users/aboudy/code/il-traffic/il_traffic/scripts/simulate.py --network_type "bottleneck" --n_vehicles "2500" --bn_coeff "0.8" --v_init "20" --c1 "0.15" --c2 "0.20" --th_target "2.0" --sigma "1000" --av_penetration "0.04"
python /global/scratch/users/aboudy/code/il-traffic/il_traffic/scripts/simulate.py --network_type "bottleneck" --n_vehicles "2500" --bn_coeff "0.8" --v_init "20" --c1 "0.15" --c2 "0.20" --th_target "2.0" --sigma "2000" --av_penetration "0.04"
python /global/scratch/users/aboudy/code/il-traffic/il_traffic/scripts/simulate.py --network_type "bottleneck" --n_vehicles "2500" --bn_coeff "0.8" --v_init "20" --c1 "0.15" --c2 "0.20" --th_target "2.0" --sigma "3000" --av_penetration "0.04"
python /global/scratch/users/aboudy/code/il-traffic/il_traffic/scripts/simulate.py --network_type "bottleneck" --n_vehicles "2500" --bn_coeff "0.8" --v_init "20" --c1 "0.15" --c2 "0.20" --th_target "2.0" --sigma "4000" --av_penetration "0.04"
python /global/scratch/users/aboudy/code/il-traffic/il_traffic/scripts/simulate.py --network_type "bottleneck" --n_vehicles "2500" --bn_coeff "0.8" --v_init "20" --c1 "0.15" --c2 "0.20" --th_target "2.0" --sigma "5000" --av_penetration "0.04"
python /global/scratch/users/aboudy/code/il-traffic/il_traffic/scripts/simulate.py --network_type "bottleneck" --n_vehicles "2500" --bn_coeff "0.9" --v_init "20" --c1 "0.15" --c2 "0.05" --th_target "2.0" --sigma "1000" --av_penetration "0.04"
python /global/scratch/users/aboudy/code/il-traffic/il_traffic/scripts/simulate.py --network_type "bottleneck" --n_vehicles "2500" --bn_coeff "0.9" --v_init "20" --c1 "0.15" --c2 "0.05" --th_target "2.0" --sigma "2000" --av_penetration "0.04"
python /global/scratch/users/aboudy/code/il-traffic/il_traffic/scripts/simulate.py --network_type "bottleneck" --n_vehicles "2500" --bn_coeff "0.9" --v_init "20" --c1 "0.15" --c2 "0.05" --th_target "2.0" --sigma "3000" --av_penetration "0.04"
python /global/scratch/users/aboudy/code/il-traffic/il_traffic/scripts/simulate.py --network_type "bottleneck" --n_vehicles "2500" --bn_coeff "0.9" --v_init "20" --c1 "0.15" --c2 "0.05" --th_target "2.0" --sigma "4000" --av_penetration "0.04"
python /global/scratch/users/aboudy/code/il-traffic/il_traffic/scripts/simulate.py --network_type "bottleneck" --n_vehicles "2500" --bn_coeff "0.9" --v_init "20" --c1 "0.15" --c2 "0.05" --th_target "2.0" --sigma "5000" --av_penetration "0.04"
python /global/scratch/users/aboudy/code/il-traffic/il_traffic/scripts/simulate.py --network_type "bottleneck" --n_vehicles "2500" --bn_coeff "0.9" --v_init "20" --c1 "0.15" --c2 "0.10" --th_target "2.0" --sigma "1000" --av_penetration "0.04"
python /global/scratch/users/aboudy/code/il-traffic/il_traffic/scripts/simulate.py --network_type "bottleneck" --n_vehicles "2500" --bn_coeff "0.9" --v_init "20" --c1 "0.15" --c2 "0.10" --th_target "2.0" --sigma "2000" --av_penetration "0.04"
python /global/scratch/users/aboudy/code/il-traffic/il_traffic/scripts/simulate.py --network_type "bottleneck" --n_vehicles "2500" --bn_coeff "0.9" --v_init "20" --c1 "0.15" --c2 "0.10" --th_target "2.0" --sigma "3000" --av_penetration "0.04"
python /global/scratch/users/aboudy/code/il-traffic/il_traffic/scripts/simulate.py --network_type "bottleneck" --n_vehicles "2500" --bn_coeff "0.9" --v_init "20" --c1 "0.15" --c2 "0.10" --th_target "2.0" --sigma "4000" --av_penetration "0.04"
python /global/scratch/users/aboudy/code/il-traffic/il_traffic/scripts/simulate.py --network_type "bottleneck" --n_vehicles "2500" --bn_coeff "0.9" --v_init "20" --c1 "0.15" --c2 "0.10" --th_target "2.0" --sigma "5000" --av_penetration "0.04"
python /global/scratch/users/aboudy/code/il-traffic/il_traffic/scripts/simulate.py --network_type "bottleneck" --n_vehicles "2500" --bn_coeff "0.9" --v_init "20" --c1 "0.15" --c2 "0.15" --th_target "2.0" --sigma "1000" --av_penetration "0.04"
python /global/scratch/users/aboudy/code/il-traffic/il_traffic/scripts/simulate.py --network_type "bottleneck" --n_vehicles "2500" --bn_coeff "0.9" --v_init "20" --c1 "0.15" --c2 "0.15" --th_target "2.0" --sigma "2000" --av_penetration "0.04"
python /global/scratch/users/aboudy/code/il-traffic/il_traffic/scripts/simulate.py --network_type "bottleneck" --n_vehicles "2500" --bn_coeff "0.9" --v_init "20" --c1 "0.15" --c2 "0.15" --th_target "2.0" --sigma "3000" --av_penetration "0.04"
python /global/scratch/users/aboudy/code/il-traffic/il_traffic/scripts/simulate.py --network_type "bottleneck" --n_vehicles "2500" --bn_coeff "0.9" --v_init "20" --c1 "0.15" --c2 "0.15" --th_target "2.0" --sigma "4000" --av_penetration "0.04"
python /global/scratch/users/aboudy/code/il-traffic/il_traffic/scripts/simulate.py --network_type "bottleneck" --n_vehicles "2500" --bn_coeff "0.9" --v_init "20" --c1 "0.15" --c2 "0.15" --th_target "2.0" --sigma "5000" --av_penetration "0.04"
python /global/scratch/users/aboudy/code/il-traffic/il_traffic/scripts/simulate.py --network_type "bottleneck" --n_vehicles "2500" --bn_coeff "0.9" --v_init "20" --c1 "0.15" --c2 "0.20" --th_target "2.0" --sigma "1000" --av_penetration "0.04"
python /global/scratch/users/aboudy/code/il-traffic/il_traffic/scripts/simulate.py --network_type "bottleneck" --n_vehicles "2500" --bn_coeff "0.9" --v_init "20" --c1 "0.15" --c2 "0.20" --th_target "2.0" --sigma "2000" --av_penetration "0.04"
python /global/scratch/users/aboudy/code/il-traffic/il_traffic/scripts/simulate.py --network_type "bottleneck" --n_vehicles "2500" --bn_coeff "0.9" --v_init "20" --c1 "0.15" --c2 "0.20" --th_target "2.0" --sigma "3000" --av_penetration "0.04"
python /global/scratch/users/aboudy/code/il-traffic/il_traffic/scripts/simulate.py --network_type "bottleneck" --n_vehicles "2500" --bn_coeff "0.9" --v_init "20" --c1 "0.15" --c2 "0.20" --th_target "2.0" --sigma "4000" --av_penetration "0.04"
python /global/scratch/users/aboudy/code/il-traffic/il_traffic/scripts/simulate.py --network_type "bottleneck" --n_vehicles "2500" --bn_coeff "0.9" --v_init "20" --c1 "0.15" --c2 "0.20" --th_target "2.0" --sigma "5000" --av_penetration "0.04"
